// Jest Snapshot v1, https://goo.gl/fbAQLP

exports[`<Overview /> spec renders the Overview 1`] = `
{
  "asFragment": [Function],
  "baseElement": <body>
    <div>
      <div
        class="MuiBox-root css-k008qs"
      >
        <div
          class="MuiBox-root css-0"
        >
          <div
            class="MuiDrawer-root MuiDrawer-docked css-1ct5g5z-MuiDrawer-docked"
          >
            <div
              class="MuiPaper-root MuiPaper-elevation MuiPaper-elevation0 MuiDrawer-paper MuiDrawer-paperAnchorLeft MuiDrawer-paperAnchorDockedLeft css-1lwhjos-MuiPaper-root-MuiDrawer-paper"
              style="--Paper-shadow: none;"
            >
              <ul
                class="MuiList-root MuiList-padding css-b7dj7n-MuiList-root"
              >
                <li
                  class="MuiListItem-root MuiListItem-gutters MuiListItem-padding css-cfd5wn-MuiListItem-root"
                >
                  <h6
                    class="MuiTypography-root MuiTypography-h6 css-1febv9v-MuiTypography-root"
                  >
                    SQS Admin UI
                  </h6>
                  <h6
                    class="MuiTypography-root MuiTypography-subtitle2 css-wyr59s-MuiTypography-root"
                  >
                    test
                  </h6>
                  <h6
                    class="MuiTypography-root MuiTypography-subtitle2 css-wyr59s-MuiTypography-root"
                  />
                </li>
                <li
                  class="MuiListItem-root MuiListItem-gutters MuiListItem-padding css-cfd5wn-MuiListItem-root"
                >
                  <div
                    class="MuiToolbar-root MuiToolbar-gutters MuiToolbar-regular css-11ylplz-MuiToolbar-root"
                  >
                    <button
                      class="MuiButtonBase-root MuiButton-root MuiButton-contained MuiButton-containedPrimary MuiButton-sizeMedium MuiButton-containedSizeMedium MuiButton-colorPrimary MuiButton-root MuiButton-contained MuiButton-containedPrimary MuiButton-sizeMedium MuiButton-containedSizeMedium MuiButton-colorPrimary css-1abvrni-MuiButtonBase-root-MuiButton-root"
                      tabindex="0"
                      type="button"
                    >
                      Create Queue
                    </button>
                    <button
                      class="MuiButtonBase-root MuiButton-root MuiButton-contained MuiButton-containedPrimary MuiButton-sizeMedium MuiButton-containedSizeMedium MuiButton-colorPrimary Mui-disabled MuiButton-root MuiButton-contained MuiButton-containedPrimary MuiButton-sizeMedium MuiButton-containedSizeMedium MuiButton-colorPrimary css-1abvrni-MuiButtonBase-root-MuiButton-root"
                      disabled=""
                      tabindex="-1"
                      type="button"
                    >
                      Delete Queue
                    </button>
                    <button
                      class="MuiButtonBase-root MuiButton-root MuiButton-contained MuiButton-containedPrimary MuiButton-sizeMedium MuiButton-containedSizeMedium MuiButton-colorPrimary Mui-disabled MuiButton-root MuiButton-contained MuiButton-containedPrimary MuiButton-sizeMedium MuiButton-containedSizeMedium MuiButton-colorPrimary css-1abvrni-MuiButtonBase-root-MuiButton-root"
                      disabled=""
                      tabindex="-1"
                      type="button"
                    >
                      Send message
                    </button>
                    <button
                      class="MuiButtonBase-root MuiButton-root MuiButton-contained MuiButton-containedPrimary MuiButton-sizeMedium MuiButton-containedSizeMedium MuiButton-colorPrimary Mui-disabled MuiButton-root MuiButton-contained MuiButton-containedPrimary MuiButton-sizeMedium MuiButton-containedSizeMedium MuiButton-colorPrimary css-1abvrni-MuiButtonBase-root-MuiButton-root"
                      disabled=""
                      tabindex="-1"
                      type="button"
                    >
                      Purge Queue
                    </button>
                  </div>
                </li>
              </ul>
              <hr
                class="MuiDivider-root MuiDivider-fullWidth css-1jpc804-MuiDivider-root"
              />
              <hr
                class="MuiDivider-root MuiDivider-fullWidth css-1jpc804-MuiDivider-root"
              />
              <ul
                class="MuiList-root MuiList-padding css-b7dj7n-MuiList-root"
              />
            </div>
          </div>
        </div>
        <div
          class="MuiBox-root css-i9gxme"
        >
          <div
            class="MuiGrid2-root MuiGrid2-direction-xs-row MuiGrid2-grid-xs-12 css-1j0u08r-MuiGrid2-root"
          >
            <div
              class="MuiToolbar-root MuiToolbar-gutters MuiToolbar-regular css-1ygil4i-MuiToolbar-root"
            >
              <h6
                class="MuiTypography-root MuiTypography-h6 css-1febv9v-MuiTypography-root"
              >
                Messages
              </h6>
            </div>
          </div>
          <div
            class="MuiGrid2-root MuiGrid2-direction-xs-row MuiGrid2-grid-xs-12 css-1j0u08r-MuiGrid2-root"
          >
            <div
              class="MuiContainer-root MuiContainer-maxWidthMd css-u4uvlt-MuiContainer-root"
            >
              <div
                class="MuiPaper-root MuiPaper-elevation MuiPaper-rounded MuiPaper-elevation0 MuiAlert-root MuiAlert-colorInfo MuiAlert-standardInfo MuiAlert-standard css-k1p3sh-MuiPaper-root-MuiAlert-root"
                role="alert"
                style="--Paper-shadow: none;"
              >
                <div
                  class="MuiAlert-icon css-vab54s-MuiAlert-icon"
                >
                  <svg
                    aria-hidden="true"
                    class="MuiSvgIcon-root MuiSvgIcon-fontSizeInherit css-1ckov0h-MuiSvgIcon-root"
                    data-testid="InfoOutlinedIcon"
                    focusable="false"
                    viewBox="0 0 24 24"
                  >
                    <path
                      d="M11,9H13V7H11M12,20C7.59,20 4,16.41 4,12C4,7.59 7.59,4 12,4C16.41,4 20,7.59 20, 12C20,16.41 16.41,20 12,20M12,2A10,10 0 0,0 2,12A10,10 0 0,0 12,22A10,10 0 0,0 22,12A10, 10 0 0,0 12,2M11,17H13V11H11V17Z"
                    />
                  </svg>
                </div>
                <div
                  class="MuiAlert-message css-zioonp-MuiAlert-message"
                >
                  <div
                    class="MuiTypography-root MuiTypography-body1 MuiTypography-gutterBottom MuiAlertTitle-root css-5ick94-MuiTypography-root-MuiAlertTitle-root"
                  >
                    No Queue
                  </div>
                  No Queues exist in region: eu-central-1
                </div>
              </div>
            </div>
          </div>
          <div
            class="MuiGrid2-root MuiGrid2-direction-xs-row MuiGrid2-grid-xs-12 css-1j0u08r-MuiGrid2-root"
          />
        </div>
      </div>
    </div>
    <div
      style="position: fixed; top: 20px; left: 50%; transform: translateX(-50%); z-index: 9999; width: 90%; max-width: 500px; pointer-events: none;"
    />
  </body>,
  "container": <div>
    <div
      class="MuiBox-root css-k008qs"
    >
      <div
        class="MuiBox-root css-0"
      >
        <div
          class="MuiDrawer-root MuiDrawer-docked css-1ct5g5z-MuiDrawer-docked"
        >
          <div
            class="MuiPaper-root MuiPaper-elevation MuiPaper-elevation0 MuiDrawer-paper MuiDrawer-paperAnchorLeft MuiDrawer-paperAnchorDockedLeft css-1lwhjos-MuiPaper-root-MuiDrawer-paper"
            style="--Paper-shadow: none;"
          >
            <ul
              class="MuiList-root MuiList-padding css-b7dj7n-MuiList-root"
            >
              <li
                class="MuiListItem-root MuiListItem-gutters MuiListItem-padding css-cfd5wn-MuiListItem-root"
              >
                <h6
                  class="MuiTypography-root MuiTypography-h6 css-1febv9v-MuiTypography-root"
                >
                  SQS Admin UI
                </h6>
                <h6
                  class="MuiTypography-root MuiTypography-subtitle2 css-wyr59s-MuiTypography-root"
                >
                  test
                </h6>
                <h6
                  class="MuiTypography-root MuiTypography-subtitle2 css-wyr59s-MuiTypography-root"
                />
              </li>
              <li
                class="MuiListItem-root MuiListItem-gutters MuiListItem-padding css-cfd5wn-MuiListItem-root"
              >
                <div
                  class="MuiToolbar-root MuiToolbar-gutters MuiToolbar-regular css-11ylplz-MuiToolbar-root"
                >
                  <button
                    class="MuiButtonBase-root MuiButton-root MuiButton-contained MuiButton-containedPrimary MuiButton-sizeMedium MuiButton-containedSizeMedium MuiButton-colorPrimary MuiButton-root MuiButton-contained MuiButton-containedPrimary MuiButton-sizeMedium MuiButton-containedSizeMedium MuiButton-colorPrimary css-1abvrni-MuiButtonBase-root-MuiButton-root"
                    tabindex="0"
                    type="button"
                  >
                    Create Queue
                  </button>
                  <button
                    class="MuiButtonBase-root MuiButton-root MuiButton-contained MuiButton-containedPrimary MuiButton-sizeMedium MuiButton-containedSizeMedium MuiButton-colorPrimary Mui-disabled MuiButton-root MuiButton-contained MuiButton-containedPrimary MuiButton-sizeMedium MuiButton-containedSizeMedium MuiButton-colorPrimary css-1abvrni-MuiButtonBase-root-MuiButton-root"
                    disabled=""
                    tabindex="-1"
                    type="button"
                  >
                    Delete Queue
                  </button>
                  <button
                    class="MuiButtonBase-root MuiButton-root MuiButton-contained MuiButton-containedPrimary MuiButton-sizeMedium MuiButton-containedSizeMedium MuiButton-colorPrimary Mui-disabled MuiButton-root MuiButton-contained MuiButton-containedPrimary MuiButton-sizeMedium MuiButton-containedSizeMedium MuiButton-colorPrimary css-1abvrni-MuiButtonBase-root-MuiButton-root"
                    disabled=""
                    tabindex="-1"
                    type="button"
                  >
                    Send message
                  </button>
                  <button
                    class="MuiButtonBase-root MuiButton-root MuiButton-contained MuiButton-containedPrimary MuiButton-sizeMedium MuiButton-containedSizeMedium MuiButton-colorPrimary Mui-disabled MuiButton-root MuiButton-contained MuiButton-containedPrimary MuiButton-sizeMedium MuiButton-containedSizeMedium MuiButton-colorPrimary css-1abvrni-MuiButtonBase-root-MuiButton-root"
                    disabled=""
                    tabindex="-1"
                    type="button"
                  >
                    Purge Queue
                  </button>
                </div>
              </li>
            </ul>
            <hr
              class="MuiDivider-root MuiDivider-fullWidth css-1jpc804-MuiDivider-root"
            />
            <hr
              class="MuiDivider-root MuiDivider-fullWidth css-1jpc804-MuiDivider-root"
            />
            <ul
              class="MuiList-root MuiList-padding css-b7dj7n-MuiList-root"
            />
          </div>
        </div>
      </div>
      <div
        class="MuiBox-root css-i9gxme"
      >
        <div
          class="MuiGrid2-root MuiGrid2-direction-xs-row MuiGrid2-grid-xs-12 css-1j0u08r-MuiGrid2-root"
        >
          <div
            class="MuiToolbar-root MuiToolbar-gutters MuiToolbar-regular css-1ygil4i-MuiToolbar-root"
          >
            <h6
              class="MuiTypography-root MuiTypography-h6 css-1febv9v-MuiTypography-root"
            >
              Messages
            </h6>
          </div>
        </div>
        <div
          class="MuiGrid2-root MuiGrid2-direction-xs-row MuiGrid2-grid-xs-12 css-1j0u08r-MuiGrid2-root"
        >
          <div
            class="MuiContainer-root MuiContainer-maxWidthMd css-u4uvlt-MuiContainer-root"
          >
            <div
              class="MuiPaper-root MuiPaper-elevation MuiPaper-rounded MuiPaper-elevation0 MuiAlert-root MuiAlert-colorInfo MuiAlert-standardInfo MuiAlert-standard css-k1p3sh-MuiPaper-root-MuiAlert-root"
              role="alert"
              style="--Paper-shadow: none;"
            >
              <div
                class="MuiAlert-icon css-vab54s-MuiAlert-icon"
              >
                <svg
                  aria-hidden="true"
                  class="MuiSvgIcon-root MuiSvgIcon-fontSizeInherit css-1ckov0h-MuiSvgIcon-root"
                  data-testid="InfoOutlinedIcon"
                  focusable="false"
                  viewBox="0 0 24 24"
                >
                  <path
                    d="M11,9H13V7H11M12,20C7.59,20 4,16.41 4,12C4,7.59 7.59,4 12,4C16.41,4 20,7.59 20, 12C20,16.41 16.41,20 12,20M12,2A10,10 0 0,0 2,12A10,10 0 0,0 12,22A10,10 0 0,0 22,12A10, 10 0 0,0 12,2M11,17H13V11H11V17Z"
                  />
                </svg>
              </div>
              <div
                class="MuiAlert-message css-zioonp-MuiAlert-message"
              >
                <div
                  class="MuiTypography-root MuiTypography-body1 MuiTypography-gutterBottom MuiAlertTitle-root css-5ick94-MuiTypography-root-MuiAlertTitle-root"
                >
                  No Queue
                </div>
                No Queues exist in region: eu-central-1
              </div>
            </div>
          </div>
        </div>
        <div
          class="MuiGrid2-root MuiGrid2-direction-xs-row MuiGrid2-grid-xs-12 css-1j0u08r-MuiGrid2-root"
        />
      </div>
    </div>
  </div>,
  "debug": [Function],
  "findAllByAltText": [Function],
  "findAllByDisplayValue": [Function],
  "findAllByLabelText": [Function],
  "findAllByPlaceholderText": [Function],
  "findAllByRole": [Function],
  "findAllByTestId": [Function],
  "findAllByText": [Function],
  "findAllByTitle": [Function],
  "findByAltText": [Function],
  "findByDisplayValue": [Function],
  "findByLabelText": [Function],
  "findByPlaceholderText": [Function],
  "findByRole": [Function],
  "findByTestId": [Function],
  "findByText": [Function],
  "findByTitle": [Function],
  "getAllByAltText": [Function],
  "getAllByDisplayValue": [Function],
  "getAllByLabelText": [Function],
  "getAllByPlaceholderText": [Function],
  "getAllByRole": [Function],
  "getAllByTestId": [Function],
  "getAllByText": [Function],
  "getAllByTitle": [Function],
  "getByAltText": [Function],
  "getByDisplayValue": [Function],
  "getByLabelText": [Function],
  "getByPlaceholderText": [Function],
  "getByRole": [Function],
  "getByTestId": [Function],
  "getByText": [Function],
  "getByTitle": [Function],
  "queryAllByAltText": [Function],
  "queryAllByDisplayValue": [Function],
  "queryAllByLabelText": [Function],
  "queryAllByPlaceholderText": [Function],
  "queryAllByRole": [Function],
  "queryAllByTestId": [Function],
  "queryAllByText": [Function],
  "queryAllByTitle": [Function],
  "queryByAltText": [Function],
  "queryByDisplayValue": [Function],
  "queryByLabelText": [Function],
  "queryByPlaceholderText": [Function],
  "queryByRole": [Function],
  "queryByTestId": [Function],
  "queryByText": [Function],
  "queryByTitle": [Function],
  "rerender": [Function],
  "unmount": [Function],
}
`;
